
Allocating common symbols
Common symbol       size              file

Read_length         0x1               esp8266.o
uart_rec            0xa               init.o
nmi_caller          0x4               1c102_cmdline.o
exti_irq_handle     0x80              1c102_Interrupt.o
STS                 0x1               ls1c102_i2c.o
Circular_queue      0x130             queue.o
Keynum              0x1               1c102_main.o
uart_rec_len        0x1               init.o
_rand_next          0x4               ls1x_printf.o
str                 0x32              1c102_main.o
Flash_pe            0x1               ls1x_flash.o
OLED_GRAM           0x400             oled.o
Read_Buffer         0x12c             esp8266.o

Discarded input sections

 .text          0x0000000000000000       0x14 start.o
 .data          0x0000000000000000        0x0 start.o
 .bss           0x0000000000000000        0x0 start.o
 .data          0x0000000000000000        0x0 serial.o
 .bss           0x0000000000000000        0x0 serial.o
 .data          0x0000000000000000        0x0 wakeup.o
 .bss           0x0000000000000000        0x0 wakeup.o
 .text          0x0000000000000000        0x0 UserGpio.o
 .data          0x0000000000000000        0x0 UserGpio.o
 .bss           0x0000000000000000        0x0 UserGpio.o
 .eh_frame      0x0000000000000000       0x3c UserGpio.o
 .text          0x0000000000000000        0x0 init.o
 .data          0x0000000000000000        0x0 init.o
 .bss           0x0000000000000000        0x0 init.o
 .eh_frame      0x0000000000000000       0x3c init.o
 COMMON         0x0000000000000000        0xb init.o
 .text          0x0000000000000000        0x0 ls1x_gpio.o
 .data          0x0000000000000000        0x0 ls1x_gpio.o
 .bss           0x0000000000000000        0x0 ls1x_gpio.o
 .text.GPIO_Init
                0x0000000000000000       0x68 ls1x_gpio.o
 .text.gpio_set_InputStatus
                0x0000000000000000      0x128 ls1x_gpio.o
 .eh_frame      0x0000000000000000      0x110 ls1x_gpio.o
 .text          0x0000000000000000        0x0 ls1x_spi.o
 .data          0x0000000000000000        0x0 ls1x_spi.o
 .bss           0x0000000000000000        0x0 ls1x_spi.o
 .rodata        0x0000000000000000       0x42 ls1x_spi.o
 .text.Spi_FreqDiv
                0x0000000000000000      0x140 ls1x_spi.o
 .text.Spi_Init
                0x0000000000000000       0x70 ls1x_spi.o
 .text.Spi_Write_Read_1to4
                0x0000000000000000       0xf0 ls1x_spi.o
 .text.Spi_Write_Read_N
                0x0000000000000000      0x124 ls1x_spi.o
 .text.Spi_Cs_Down
                0x0000000000000000       0x58 ls1x_spi.o
 .text.Spi_Cs_Up
                0x0000000000000000       0x54 ls1x_spi.o
 .text.Spi_Send
                0x0000000000000000       0x40 ls1x_spi.o
 .text.Spiflash_Rdsr
                0x0000000000000000       0x4c ls1x_spi.o
 .text.Spiflash_Wait_Wip_Zero
                0x0000000000000000       0x38 ls1x_spi.o
 .text.Spiflash_Wren
                0x0000000000000000       0x4c ls1x_spi.o
 .text.Spiflash_Wrsr
                0x0000000000000000       0x5c ls1x_spi.o
 .text.Spiflash_Rdsr2
                0x0000000000000000       0x4c ls1x_spi.o
 .text.Spiflash_Rdsr3
                0x0000000000000000       0x4c ls1x_spi.o
 .text.Spiflash_Rdid
                0x0000000000000000       0x68 ls1x_spi.o
 .text.Spiflash_Sector_Erase
                0x0000000000000000       0x90 ls1x_spi.o
 .text.Spiflash_Block64k_Erase
                0x0000000000000000       0x90 ls1x_spi.o
 .text.Spiflash_Page_Program
                0x0000000000000000       0xa4 ls1x_spi.o
 .text.Spiflash_Read_Bytes
                0x0000000000000000       0x9c ls1x_spi.o
 .text.SPI_TransByte
                0x0000000000000000       0xe8 ls1x_spi.o
 .text.SpiFlashCsn0Enable
                0x0000000000000000       0x28 ls1x_spi.o
 .text.SpiFlashCsn0Disable
                0x0000000000000000       0x28 ls1x_spi.o
 .comment       0x0000000000000000       0x12 ls1x_spi.o
 .eh_frame      0x0000000000000000      0x320 ls1x_spi.o
 .text          0x0000000000000000        0x0 ls1x_printf.o
 .data          0x0000000000000000        0x0 ls1x_printf.o
 .bss           0x0000000000000000        0x0 ls1x_printf.o
 .rodata        0x0000000000000000        0x7 ls1x_printf.o
 .text.printBuf
                0x0000000000000000       0x78 ls1x_printf.o
 .text.myputchar2
                0x0000000000000000       0x84 ls1x_printf.o
 .text.mygetchar
                0x0000000000000000       0x38 ls1x_printf.o
 .text.printbase2
                0x0000000000000000      0x178 ls1x_printf.o
 .text.puts2    0x0000000000000000       0x88 ls1x_printf.o
 .text.myprintf2
                0x0000000000000000      0x414 ls1x_printf.o
 .rodata.myprintf2
                0x0000000000000000      0x150 ls1x_printf.o
 .text.rand     0x0000000000000000       0x5c ls1x_printf.o
 .eh_frame      0x0000000000000000      0x27c ls1x_printf.o
 COMMON         0x0000000000000000        0x4 ls1x_printf.o
 .text          0x0000000000000000        0x0 ls1x_uart.o
 .data          0x0000000000000000        0x0 ls1x_uart.o
 .bss           0x0000000000000000        0x0 ls1x_uart.o
 .text.Uart_init
                0x0000000000000000       0xa4 ls1x_uart.o
 .text.UART_GetFlagStatus
                0x0000000000000000       0x64 ls1x_uart.o
 .text.UART_GetITStatus
                0x0000000000000000       0x60 ls1x_uart.o
 .text.UART_ClearITPendingBit
                0x0000000000000000       0xa4 ls1x_uart.o
 .text.x_getchar
                0x0000000000000000       0x2c ls1x_uart.o
 .text.UartInit
                0x0000000000000000       0x6c ls1x_uart.o
 .text.Uart2_init
                0x0000000000000000       0x7c ls1x_uart.o
 .text.Uart1_init_test
                0x0000000000000000       0x80 ls1x_uart.o
 .text.Uart0_send
                0x0000000000000000       0x3c ls1x_uart.o
 .text.Uart1_send
                0x0000000000000000       0x3c ls1x_uart.o
 .text.Uart2_send
                0x0000000000000000       0x3c ls1x_uart.o
 .eh_frame      0x0000000000000000      0x2c8 ls1x_uart.o
 .text          0x0000000000000000        0x0 ls1x_clock.o
 .data          0x0000000000000000        0x0 ls1x_clock.o
 .bss           0x0000000000000000        0x0 ls1x_clock.o
 .text.CLOCK_checkSelect
                0x0000000000000000       0xc0 ls1x_clock.o
 .text.CLOCK_GetFlagStatus
                0x0000000000000000       0x3c ls1x_clock.o
 .text.CLOCK_GetClocksFreq
                0x0000000000000000       0x6c ls1x_clock.o
 .eh_frame      0x0000000000000000      0x18c ls1x_clock.o
 .text          0x0000000000000000        0x0 ls1x_common.o
 .data          0x0000000000000000        0x0 ls1x_common.o
 .bss           0x0000000000000000        0x0 ls1x_common.o
 .text.IsGlobalIntOpen
                0x0000000000000000       0x38 ls1x_common.o
 .text.DisableExtInt
                0x0000000000000000       0x40 ls1x_common.o
 .text.EnableExtInt
                0x0000000000000000       0x3c ls1x_common.o
 .text.Set_soft_int
                0x0000000000000000       0x24 ls1x_common.o
 .text.Set_soft_stop
                0x0000000000000000       0x24 ls1x_common.o
 .text.Set_Timer_Init
                0x0000000000000000       0x30 ls1x_common.o
 .text.Wake_256sec_Set
                0x0000000000000000       0xa8 ls1x_common.o
 .eh_frame      0x0000000000000000      0x19c ls1x_common.o
 .text          0x0000000000000000        0x0 ls1x_pmu.o
 .data          0x0000000000000000        0x0 ls1x_pmu.o
 .bss           0x0000000000000000        0x0 ls1x_pmu.o
 .eh_frame      0x0000000000000000       0x58 ls1x_pmu.o
 .text          0x0000000000000000        0x0 ls1x_logo.o
 .data          0x0000000000000000        0x0 ls1x_logo.o
 .bss           0x0000000000000000        0x0 ls1x_logo.o
 .eh_frame      0x0000000000000000       0x3c ls1x_logo.o
 .text          0x0000000000000000        0x0 ls1x_latimer.o
 .data          0x0000000000000000        0x0 ls1x_latimer.o
 .bss           0x0000000000000000        0x0 ls1x_latimer.o
 .text.close_count
                0x0000000000000000       0x24 ls1x_latimer.o
 .text.delay_s  0x0000000000000000       0x3c ls1x_latimer.o
 .text.SetTime  0x0000000000000000       0x54 ls1x_latimer.o
 .text.CompareTime
                0x0000000000000000       0x50 ls1x_latimer.o
 .eh_frame      0x0000000000000000      0x19c ls1x_latimer.o
 .text          0x0000000000000000        0x0 ls1x_string.o
 .data          0x0000000000000000        0x0 ls1x_string.o
 .bss           0x0000000000000000        0x0 ls1x_string.o
 .text.memcmp   0x0000000000000000       0x88 ls1x_string.o
 .text.memcpy   0x0000000000000000       0x70 ls1x_string.o
 .text.strstr   0x0000000000000000       0xe0 ls1x_string.o
 .text.strchr   0x0000000000000000       0x80 ls1x_string.o
 .text.atoi     0x0000000000000000       0xe4 ls1x_string.o
 .text.itoa     0x0000000000000000      0x17c ls1x_string.o
 .text.strcat   0x0000000000000000       0xa0 ls1x_string.o
 .text.strcmp   0x0000000000000000       0x84 ls1x_string.o
 .text.isContained
                0x0000000000000000       0x78 ls1x_string.o
 .text.strtok_r
                0x0000000000000000      0x1d4 ls1x_string.o
 .text.str_to_hex
                0x0000000000000000       0xf4 ls1x_string.o
 .text.atohex   0x0000000000000000      0x164 ls1x_string.o
 .eh_frame      0x0000000000000000      0x258 ls1x_string.o
 .text          0x0000000000000000        0x0 ls1x_flash.o
 .data          0x0000000000000000        0x0 ls1x_flash.o
 .bss           0x0000000000000000        0x0 ls1x_flash.o
 .text.FLASH_ErasePage
                0x0000000000000000       0x50 ls1x_flash.o
 .text.FLASH_EraseUserFlash
                0x0000000000000000       0x9c ls1x_flash.o
 .text.FLASH_ReadPage
                0x0000000000000000       0xa4 ls1x_flash.o
 .text.FLASH_WitePage
                0x0000000000000000      0x48c ls1x_flash.o
 .text.ls1c_flash_write2
                0x0000000000000000      0x17c ls1x_flash.o
 .text.ls1c_flash_write_data
                0x0000000000000000      0x144 ls1x_flash.o
 .text.FLASH_WaitForPeEnd
                0x0000000000000000       0x80 ls1x_flash.o
 .text.FLASH_GetStatus
                0x0000000000000000       0x34 ls1x_flash.o
 .text.FLASH_GetFlagStatus
                0x0000000000000000       0x4c ls1x_flash.o
 .text.FLASH_ITConfig
                0x0000000000000000       0x64 ls1x_flash.o
 .text.FLASH_ITCmd
                0x0000000000000000       0x68 ls1x_flash.o
 .text.FLASH_ClearIT
                0x0000000000000000       0x50 ls1x_flash.o
 .text.FLASH_WiteTest
                0x0000000000000000       0xa4 ls1x_flash.o
 .rodata        0x0000000000000000        0xa ls1x_flash.o
 .text.FLASH_ReadTest
                0x0000000000000000       0xc0 ls1x_flash.o
 .comment       0x0000000000000000       0x12 ls1x_flash.o
 .eh_frame      0x0000000000000000      0x21c ls1x_flash.o
 COMMON         0x0000000000000000        0x1 ls1x_flash.o
 .text          0x0000000000000000        0x0 ls1x_rtc.o
 .data          0x0000000000000000        0x0 ls1x_rtc.o
 .bss           0x0000000000000000        0x0 ls1x_rtc.o
 .text.Rtc_Read
                0x0000000000000000       0xec ls1x_rtc.o
 .text.Rtc_Write
                0x0000000000000000      0x16c ls1x_rtc.o
 .text.RtcUpdateData
                0x0000000000000000       0x4c ls1x_rtc.o
 .comment       0x0000000000000000       0x12 ls1x_rtc.o
 .eh_frame      0x0000000000000000       0x80 ls1x_rtc.o
 .text          0x0000000000000000        0x0 ls1x_exti.o
 .data          0x0000000000000000        0x0 ls1x_exti.o
 .bss           0x0000000000000000        0x0 ls1x_exti.o
 .text.EXTI_DeInit
                0x0000000000000000       0x40 ls1x_exti.o
 .text.EXTI_Init
                0x0000000000000000      0x188 ls1x_exti.o
 .text.EXTI_StructInit
                0x0000000000000000       0x44 ls1x_exti.o
 .text.EXTI_GetFlagStatus
                0x0000000000000000       0x50 ls1x_exti.o
 .text.EXTI_ClearFlag
                0x0000000000000000       0x3c ls1x_exti.o
 .text.EXTI_GetITStatus
                0x0000000000000000       0x70 ls1x_exti.o
 .eh_frame      0x0000000000000000       0xfc ls1x_exti.o
 .text          0x0000000000000000        0x0 ls1x_wdg.o
 .data          0x0000000000000000        0x0 ls1x_wdg.o
 .bss           0x0000000000000000        0x0 ls1x_wdg.o
 .eh_frame      0x0000000000000000       0xa4 ls1x_wdg.o
 .text          0x0000000000000000        0x0 ls1c102_i2c.o
 .data          0x0000000000000000        0x0 ls1c102_i2c.o
 .bss           0x0000000000000000        0x0 ls1c102_i2c.o
 .text.I2C_delay_my
                0x0000000000000000       0x3c ls1c102_i2c.o
 .text.I2C_Init
                0x0000000000000000      0x104 ls1c102_i2c.o
 .text.I2C_StructInit
                0x0000000000000000       0x5c ls1c102_i2c.o
 .text.I2C_ITConfig
                0x0000000000000000       0x6c ls1c102_i2c.o
 .text.I2C_ITCmd
                0x0000000000000000       0x90 ls1c102_i2c.o
 .text.I2C_GenerateSTART
                0x0000000000000000       0x7c ls1c102_i2c.o
 .text.I2C_GenerateSTOP
                0x0000000000000000       0x7c ls1c102_i2c.o
 .text.I2C_AcknowledgeConfig
                0x0000000000000000       0x6c ls1c102_i2c.o
 .text.I2C_SendData
                0x0000000000000000       0x50 ls1c102_i2c.o
 .text.I2C_ReceiveData
                0x0000000000000000       0x60 ls1c102_i2c.o
 .rodata        0x0000000000000000       0xaf ls1c102_i2c.o
 .text.I2C_Send7bitAddress
                0x0000000000000000       0xac ls1c102_i2c.o
 .text.I2C_ReadRegister
                0x0000000000000000       0x50 ls1c102_i2c.o
 .text.I2C_ClearFlag
                0x0000000000000000       0x48 ls1c102_i2c.o
 .text.I2C_GetStatus
                0x0000000000000000       0x5c ls1c102_i2c.o
 .text.I2C_ClearIT
                0x0000000000000000       0x50 ls1c102_i2c.o
 .text.I2C_wait
                0x0000000000000000       0x48 ls1c102_i2c.o
 .text.I2C_BUSY
                0x0000000000000000       0x48 ls1c102_i2c.o
 .text.I2C_Unlock
                0x0000000000000000       0x54 ls1c102_i2c.o
 .text.CAT24_Write
                0x0000000000000000      0x15c ls1c102_i2c.o
 .text.CAT24_Read
                0x0000000000000000      0x160 ls1c102_i2c.o
 .text.CAT24_Write_Int
                0x0000000000000000      0x140 ls1c102_i2c.o
 .text.CAT24_Read_Int
                0x0000000000000000      0x16c ls1c102_i2c.o
 .comment       0x0000000000000000       0x12 ls1c102_i2c.o
 .eh_frame      0x0000000000000000      0x338 ls1c102_i2c.o
 COMMON         0x0000000000000000        0x1 ls1c102_i2c.o
 .text          0x0000000000000000        0x0 ls1c102_vpwm.o
 .data          0x0000000000000000        0x0 ls1c102_vpwm.o
 .bss           0x0000000000000000        0x0 ls1c102_vpwm.o
 .comment       0x0000000000000000       0x12 ls1c102_vpwm.o
 .text          0x0000000000000000        0x0 ls1c102_adc.o
 .data          0x0000000000000000        0x0 ls1c102_adc.o
 .bss           0x0000000000000000        0x0 ls1c102_adc.o
 .text.Adc_powerOn
                0x0000000000000000       0x54 ls1c102_adc.o
 .text.Adc_powerOff
                0x0000000000000000       0x50 ls1c102_adc.o
 .text.Adc_open
                0x0000000000000000       0xb0 ls1c102_adc.o
 .text.Adc_close
                0x0000000000000000       0xe4 ls1c102_adc.o
 .text.Adc_openGroup
                0x0000000000000000       0xa0 ls1c102_adc.o
 .text.Adc_closeGroup
                0x0000000000000000       0xd4 ls1c102_adc.o
 .text.Adc_singleMeasure
                0x0000000000000000       0x90 ls1c102_adc.o
 .text.Adc_Measure
                0x0000000000000000       0xdc ls1c102_adc.o
 .text.Adc_getVoltage
                0x0000000000000000       0x68 ls1c102_adc.o
 .comment       0x0000000000000000       0x12 ls1c102_adc.o
 .eh_frame      0x0000000000000000      0x170 ls1c102_adc.o
 .text          0x0000000000000000        0x0 ls1c102_touch.o
 .data          0x0000000000000000        0x0 ls1c102_touch.o
 .bss           0x0000000000000000        0x0 ls1c102_touch.o
 .text.Touch_CountBaseInit
                0x0000000000000000       0x90 ls1c102_touch.o
 .text.Touch_PerformInit
                0x0000000000000000       0x88 ls1c102_touch.o
 .text.Touch_ControlConfig
                0x0000000000000000       0xc8 ls1c102_touch.o
 .text.TOUCH_Cmd
                0x0000000000000000       0x68 ls1c102_touch.o
 .text.TOUCH_EnablePollScan
                0x0000000000000000       0x30 ls1c102_touch.o
 .text.TOUCH_disablePollScan
                0x0000000000000000       0x34 ls1c102_touch.o
 .text.TOUCH_EnableSingleScan
                0x0000000000000000       0x30 ls1c102_touch.o
 .text.TOUCH_GetDownTh
                0x0000000000000000       0x48 ls1c102_touch.o
 .text.TOUCH_SetDownTh
                0x0000000000000000       0x7c ls1c102_touch.o
 .text.TOUCH_SetBaseVal
                0x0000000000000000       0x7c ls1c102_touch.o
 .text.TOUCH_SetChnAttr
                0x0000000000000000       0x7c ls1c102_touch.o
 .text.TOUCH_SetAllChnAttr
                0x0000000000000000       0x64 ls1c102_touch.o
 .text.TOUCH_SetAllChnAttr2
                0x0000000000000000       0x90 ls1c102_touch.o
 .text.TOUCH_Init
                0x0000000000000000       0xfc ls1c102_touch.o
 .eh_frame      0x0000000000000000      0x2bc ls1c102_touch.o
 .text          0x0000000000000000        0x0 ls1c102_ptimer.o
 .data          0x0000000000000000        0x0 ls1c102_ptimer.o
 .bss           0x0000000000000000        0x0 ls1c102_ptimer.o
 .text.TIM_Cmd  0x0000000000000000       0x54 ls1c102_ptimer.o
 .text.TIM_ITConfig
                0x0000000000000000       0x90 ls1c102_ptimer.o
 .text.TIM_GetCounter
                0x0000000000000000       0x34 ls1c102_ptimer.o
 .text.TIM_SetCounter
                0x0000000000000000       0x30 ls1c102_ptimer.o
 .text.TIM_SetCompare
                0x0000000000000000       0x30 ls1c102_ptimer.o
 .text.TIM_GetCompare
                0x0000000000000000       0x34 ls1c102_ptimer.o
 .eh_frame      0x0000000000000000      0x18c ls1c102_ptimer.o
 .text          0x0000000000000000        0x0 1c102_cmdline.o
 .data          0x0000000000000000        0x0 1c102_cmdline.o
 .bss           0x0000000000000000        0x0 1c102_cmdline.o
 .rodata        0x0000000000000000      0x3a8 1c102_cmdline.o
 .data.cmd      0x0000000000000000      0x1f0 1c102_cmdline.o
 .text.do_exit  0x0000000000000000       0x28 1c102_cmdline.o
 .text.do_help  0x0000000000000000      0x208 1c102_cmdline.o
 .text.cmdline  0x0000000000000000      0xdbc 1c102_cmdline.o
 .comment       0x0000000000000000       0x12 1c102_cmdline.o
 .eh_frame      0x0000000000000000       0x84 1c102_cmdline.o
 COMMON         0x0000000000000000        0x4 1c102_cmdline.o
 .text          0x0000000000000000        0x0 1c102_cmd.o
 .data          0x0000000000000000        0x0 1c102_cmd.o
 .bss           0x0000000000000000        0x0 1c102_cmd.o
 .text.do_nothing
                0x0000000000000000       0x20 1c102_cmd.o
 .rodata        0x0000000000000000      0x875 1c102_cmd.o
 .text.do_d1    0x0000000000000000      0x114 1c102_cmd.o
 .text.do_d4    0x0000000000000000      0x120 1c102_cmd.o
 .text.do_m1    0x0000000000000000       0x90 1c102_cmd.o
 .text.do_m4    0x0000000000000000       0x8c 1c102_cmd.o
 .text.str2num  0x0000000000000000      0x214 1c102_cmd.o
 .text.v_play   0x0000000000000000       0x68 1c102_cmd.o
 .text.touch_reg_show
                0x0000000000000000      0x100 1c102_cmd.o
 .text.touch_value_show
                0x0000000000000000       0xd4 1c102_cmd.o
 .text.touch_test
                0x0000000000000000      0x274 1c102_cmd.o
 .text.hpet     0x0000000000000000       0xcc 1c102_cmd.o
 .text.latimer  0x0000000000000000       0x94 1c102_cmd.o
 .text.delay    0x0000000000000000      0x104 1c102_cmd.o
 .text.wakeup   0x0000000000000000       0x90 1c102_cmd.o
 .text.a_to_n   0x0000000000000000       0x60 1c102_cmd.o
 .text.date     0x0000000000000000      0x48c 1c102_cmd.o
 .text.watch_dog
                0x0000000000000000       0x84 1c102_cmd.o
 .text.i2cp     0x0000000000000000       0x4c 1c102_cmd.o
 .text.i2cw     0x0000000000000000      0x10c 1c102_cmd.o
 .text.i2cr     0x0000000000000000       0xe0 1c102_cmd.o
 .text.adc      0x0000000000000000      0x1a4 1c102_cmd.o
 .text.readadc  0x0000000000000000       0xf4 1c102_cmd.o
 .text.batdet   0x0000000000000000      0x170 1c102_cmd.o
 .text.copy     0x0000000000000000      0x190 1c102_cmd.o
 .text.uart_init
                0x0000000000000000       0xac 1c102_cmd.o
 .text.sleep    0x0000000000000000       0xa4 1c102_cmd.o
 .text.spi_init
                0x0000000000000000       0x68 1c102_cmd.o
 .text.spi_write
                0x0000000000000000      0x134 1c102_cmd.o
 .text.spi_read
                0x0000000000000000      0x174 1c102_cmd.o
 .text.spi_erase
                0x0000000000000000       0x90 1c102_cmd.o
 .text.spi_flash
                0x0000000000000000      0x258 1c102_cmd.o
 .text.gpio_int_test
                0x0000000000000000       0x9c 1c102_cmd.o
 .text.gpio_int
                0x0000000000000000       0x34 1c102_cmd.o
 .text.tmp      0x0000000000000000       0x50 1c102_cmd.o
 .text.m4_flash
                0x0000000000000000       0xb4 1c102_cmd.o
 .text.copy_iram
                0x0000000000000000      0x138 1c102_cmd.o
 .comment       0x0000000000000000       0x12 1c102_cmd.o
 .eh_frame      0x0000000000000000      0x5a4 1c102_cmd.o
 .text          0x0000000000000000        0x0 1c102_Interrupt.o
 .data          0x0000000000000000        0x0 1c102_Interrupt.o
 .bss           0x0000000000000000        0x0 1c102_Interrupt.o
 .text.SOFT_INT
                0x0000000000000000       0x34 1c102_Interrupt.o
 .text.TIMER_8M_INT
                0x0000000000000000       0x44 1c102_Interrupt.o
 .text.INTC     0x0000000000000000       0x1c 1c102_Interrupt.o
 .text.RING     0x0000000000000000       0x1c 1c102_Interrupt.o
 .eh_frame      0x0000000000000000      0x624 1c102_Interrupt.o
 COMMON         0x0000000000000000       0x80 1c102_Interrupt.o
 .text          0x0000000000000000        0x0 iic.o
 .data          0x0000000000000000        0x0 iic.o
 .bss           0x0000000000000000        0x0 iic.o
 .text.IIC_Ack  0x0000000000000000       0x60 iic.o
 .text.IIC_NAck
                0x0000000000000000       0x60 iic.o
 .text.IIC_Read_Byte
                0x0000000000000000       0xb4 iic.o
 .eh_frame      0x0000000000000000      0x1bc iic.o
 .text          0x0000000000000000        0x0 dht11.o
 .data          0x0000000000000000        0x0 dht11.o
 .bss           0x0000000000000000        0x0 dht11.o
 .eh_frame      0x0000000000000000      0x148 dht11.o
 .text          0x0000000000000000        0x0 oled.o
 .data          0x0000000000000000        0x0 oled.o
 .bss           0x0000000000000000        0x0 oled.o
 .text.OLED_Display_On
                0x0000000000000000       0x48 oled.o
 .text.OLED_Display_Off
                0x0000000000000000       0x48 oled.o
 .text.OLED_Draw
                0x0000000000000000       0xa8 oled.o
 .text.OLED_DrawBMP
                0x0000000000000000      0x10c oled.o
 .text.OLED_Refresh_Gram
                0x0000000000000000       0xbc oled.o
 .eh_frame      0x0000000000000000      0x288 oled.o
 COMMON         0x0000000000000000      0x400 oled.o
 .text          0x0000000000000000        0x0 key.o
 .data          0x0000000000000000        0x0 key.o
 .bss           0x0000000000000000        0x0 key.o
 .eh_frame      0x0000000000000000       0x60 key.o
 .text          0x0000000000000000        0x0 esp8266.o
 .data          0x0000000000000000        0x0 esp8266.o
 .bss           0x0000000000000000        0x0 esp8266.o
 .text.esp8266_send_cmd
                0x0000000000000000       0xdc esp8266.o
 .text.esp8266_send_data
                0x0000000000000000       0x3c esp8266.o
 .eh_frame      0x0000000000000000       0x88 esp8266.o
 .text          0x0000000000000000        0x0 queue.o
 .data          0x0000000000000000        0x0 queue.o
 .bss           0x0000000000000000        0x0 queue.o
 .text.Queue_Init
                0x0000000000000000       0x4c queue.o
 .text.Queue_isFull
                0x0000000000000000       0x64 queue.o
 .eh_frame      0x0000000000000000      0x114 queue.o
 .text          0x0000000000000000        0x0 1c102_main.o
 .data          0x0000000000000000        0x0 1c102_main.o
 .bss           0x0000000000000000        0x0 1c102_main.o
 .eh_frame      0x0000000000000000       0xfc 1c102_main.o
 .text          0x0000000000000000        0x0 BEEP.o
 .data          0x0000000000000000        0x0 BEEP.o
 .bss           0x0000000000000000        0x0 BEEP.o
 .eh_frame      0x0000000000000000       0x38 BEEP.o

Memory Configuration

Name             Origin             Length             Attributes
flash            0x000000001c000000 0x0000000000020000 xr
IRAM             0x0000000080000000 0x0000000000001000 rw
DRAM             0x0000000080001000 0x0000000000001000 rw
*default*        0x0000000000000000 0xffffffffffffffff

Linker script and memory map


.text           0x000000001c000000     0x7d44
                0x000000001c000000                . = ALIGN (0x4)
 *(.text .text.*)
 .text._start   0x000000001c000000     0x1128 start.o
                0x000000001c000000                _start
                0x000000001c0000ac                cpu_wait
                0x000000001c000800                m4_flash_4k
 .text          0x000000001c001128       0xbc serial.o
                0x000000001c001128                serial_out
                0x000000001c001144                outputaddr
                0x000000001c0011a4                outputstring
 .text          0x000000001c0011e4      0x148 wakeup.o
                0x000000001c0011e4                cpu_sleep
                0x000000001c00128c                wakeup_reset
 .text.GPIOInit
                0x000000001c00132c       0x98 UserGpio.o
                0x000000001c00132c                GPIOInit
 .text.bsp_init
                0x000000001c0013c4       0xfc init.o
                0x000000001c0013c4                bsp_init
 .text.AFIO_RemapConfig
                0x000000001c0014c0       0xcc ls1x_gpio.o
                0x000000001c0014c0                AFIO_RemapConfig
 .text.gpio_get_pin
                0x000000001c00158c       0x50 ls1x_gpio.o
                0x000000001c00158c                gpio_get_pin
 .text.gpio_write_pin
                0x000000001c0015dc       0x78 ls1x_gpio.o
                0x000000001c0015dc                gpio_write_pin
 .text.gpio_pin_remap
                0x000000001c001654      0x20c ls1x_gpio.o
                0x000000001c001654                gpio_pin_remap
 .text.gpio_set_direction
                0x000000001c001860      0x128 ls1x_gpio.o
                0x000000001c001860                gpio_set_direction
 .text.myputchar
                0x000000001c001988       0x3c ls1x_printf.o
                0x000000001c001988                myputchar
 .text.printbase
                0x000000001c0019c4      0x160 ls1x_printf.o
                0x000000001c0019c4                printbase
 .text.puts     0x000000001c001b24       0x70 ls1x_printf.o
                0x000000001c001b24                puts
 .text.myprintf
                0x000000001c001b94      0x3a4 ls1x_printf.o
                0x000000001c001b94                myprintf
 .text.vsputs   0x000000001c001f38       0x54 ls1x_printf.o
                0x000000001c001f38                vsputs
 .text.vsputchar
                0x000000001c001f8c       0x44 ls1x_printf.o
                0x000000001c001f8c                vsputchar
 .text.vsprintbase
                0x000000001c001fd0      0x17c ls1x_printf.o
                0x000000001c001fd0                vsprintbase
 .text.vsprintf
                0x000000001c00214c      0x3d8 ls1x_printf.o
                0x000000001c00214c                vsprintf
 .text.sprintf  0x000000001c002524       0x6c ls1x_printf.o
                0x000000001c002524                sprintf
 .text.UART_Init
                0x000000001c002590      0x2fc ls1x_uart.o
                0x000000001c002590                UART_Init
 .text.UART_StructInit
                0x000000001c00288c       0x7c ls1x_uart.o
                0x000000001c00288c                UART_StructInit
 .text.UART_ITConfig
                0x000000001c002908       0x88 ls1x_uart.o
                0x000000001c002908                UART_ITConfig
 .text.UART_SendData
                0x000000001c002990       0x4c ls1x_uart.o
                0x000000001c002990                UART_SendData
 .text.UART_SendDataALL
                0x000000001c0029dc       0x78 ls1x_uart.o
                0x000000001c0029dc                UART_SendDataALL
 .text.UART_ReceiveData
                0x000000001c002a54       0x4c ls1x_uart.o
                0x000000001c002a54                UART_ReceiveData
 .text.Uart0_init
                0x000000001c002aa0       0xc4 ls1x_uart.o
                0x000000001c002aa0                Uart0_init
 .text.Uart1_init
                0x000000001c002b64       0x84 ls1x_uart.o
                0x000000001c002b64                Uart1_init
 .text.CLOCK_WaitForHSEStartUp
                0x000000001c002be8       0x9c ls1x_clock.o
                0x000000001c002be8                CLOCK_WaitForHSEStartUp
 .text.CLOCK_WaitForLSEStartUp
                0x000000001c002c84       0xe4 ls1x_clock.o
                0x000000001c002c84                CLOCK_WaitForLSEStartUp
 .text.CLOCK_HSEConfig
                0x000000001c002d68       0xb4 ls1x_clock.o
                0x000000001c002d68                CLOCK_HSEConfig
 .text.CLOCK_LSEConfig
                0x000000001c002e1c       0x68 ls1x_clock.o
                0x000000001c002e1c                CLOCK_LSEConfig
 .text.CLOCK_StructInit
                0x000000001c002e84       0x64 ls1x_clock.o
                0x000000001c002e84                CLOCK_StructInit
 .text.CLOCK_Init
                0x000000001c002ee8      0x23c ls1x_clock.o
                0x000000001c002ee8                CLOCK_Init
 .text.SystemClockInit
                0x000000001c003124       0x98 ls1x_clock.o
                0x000000001c003124                SystemClockInit
 .text.DisableInt
                0x000000001c0031bc       0x24 ls1x_common.o
                0x000000001c0031bc                DisableInt
 .text.EnableInt
                0x000000001c0031e0       0x24 ls1x_common.o
                0x000000001c0031e0                EnableInt
 .text.Set_Timer_stop
                0x000000001c003204       0x20 ls1x_common.o
                0x000000001c003204                Set_Timer_stop
 .text.Set_Timer_clear
                0x000000001c003224       0x24 ls1x_common.o
                0x000000001c003224                Set_Timer_clear
 .text.Wake_Set
                0x000000001c003248       0xac ls1x_common.o
                0x000000001c003248                Wake_Set
 .text.PMU_GetRstRrc
                0x000000001c0032f4       0x6c ls1x_pmu.o
                0x000000001c0032f4                PMU_GetRstRrc
 .text.PMU_GetBootSpiStatus
                0x000000001c003360       0x50 ls1x_pmu.o
                0x000000001c003360                PMU_GetBootSpiStatus
 .text.ls1x_logo
                0x000000001c0033b0       0x9c ls1x_logo.o
                0x000000001c0033b0                ls1x_logo
 .text.get_count
                0x000000001c00344c       0x2c ls1x_latimer.o
                0x000000001c00344c                get_count
 .text.open_count
                0x000000001c003478       0x24 ls1x_latimer.o
                0x000000001c003478                open_count
 .text.start_count
                0x000000001c00349c       0x48 ls1x_latimer.o
                0x000000001c00349c                start_count
 .text.stop_count
                0x000000001c0034e4       0x88 ls1x_latimer.o
                0x000000001c0034e4                stop_count
 .text.delay_cycle
                0x000000001c00356c       0x60 ls1x_latimer.o
                0x000000001c00356c                delay_cycle
 .text.delay_us
                0x000000001c0035cc       0x38 ls1x_latimer.o
                0x000000001c0035cc                delay_us
 .text.delay_ms
                0x000000001c003604       0x40 ls1x_latimer.o
                0x000000001c003604                delay_ms
 .text.memset   0x000000001c003644       0x60 ls1x_string.o
                0x000000001c003644                memset
 .text.pstrstr  0x000000001c0036a4       0xc8 ls1x_string.o
                0x000000001c0036a4                pstrstr
 .text.strcpy   0x000000001c00376c       0x5c ls1x_string.o
                0x000000001c00376c                strcpy
 .text.strlen   0x000000001c0037c8       0x4c ls1x_string.o
                0x000000001c0037c8                strlen
 .text.EXTI_ClearITPendingBit
                0x000000001c003814       0x3c ls1x_exti.o
                0x000000001c003814                EXTI_ClearITPendingBit
 .text.WDG_getOddValue
                0x000000001c003850       0x88 ls1x_wdg.o
 .text.WDG_SetWatchDog
                0x000000001c0038d8       0x8c ls1x_wdg.o
                0x000000001c0038d8                WDG_SetWatchDog
 .text.WDG_DogFeed
                0x000000001c003964       0x2c ls1x_wdg.o
                0x000000001c003964                WDG_DogFeed
 .text.WdgInit  0x000000001c003990       0x30 ls1x_wdg.o
                0x000000001c003990                WdgInit
 .text.TOUCH_GetBaseVal
                0x000000001c0039c0       0x4c ls1c102_touch.o
                0x000000001c0039c0                TOUCH_GetBaseVal
 .text.TOUCH_GetCountValue
                0x000000001c003a0c       0x4c ls1c102_touch.o
                0x000000001c003a0c                TOUCH_GetCountValue
 .text.Printf_KeyChannel
                0x000000001c003a58       0x7c ls1c102_touch.o
                0x000000001c003a58                Printf_KeyChannel
 .text.Printf_KeyType
                0x000000001c003ad4       0x8c ls1c102_touch.o
                0x000000001c003ad4                Printf_KeyType
 .text.Printf_KeyVal
                0x000000001c003b60      0x254 ls1c102_touch.o
                0x000000001c003b60                Printf_KeyVal
 .text.TIM_Init
                0x000000001c003db4       0xd8 ls1c102_ptimer.o
                0x000000001c003db4                TIM_Init
 .text.TIM_StructInit
                0x000000001c003e8c       0x7c ls1c102_ptimer.o
                0x000000001c003e8c                TIM_StructInit
 .text.TIM_GetITStatus
                0x000000001c003f08       0x4c ls1c102_ptimer.o
                0x000000001c003f08                TIM_GetITStatus
 .text.TIM_ClearIT
                0x000000001c003f54       0x5c ls1c102_ptimer.o
                0x000000001c003f54                TIM_ClearIT
 .text.timer_init
                0x000000001c003fb0       0x54 ls1c102_ptimer.o
                0x000000001c003fb0                timer_init
 .text.exti_gpioa0_irq_handler
                0x000000001c004004       0x4c 1c102_Interrupt.o
                0x000000001c004004                exti_gpioa0_irq_handler
 .text.exti_gpioa1_irq_handler
                0x000000001c004050       0x4c 1c102_Interrupt.o
                0x000000001c004050                exti_gpioa1_irq_handler
 .text.exti_gpioa2_irq_handler
                0x000000001c00409c       0x4c 1c102_Interrupt.o
                0x000000001c00409c                exti_gpioa2_irq_handler
 .text.exti_gpioa3_irq_handler
                0x000000001c0040e8       0x4c 1c102_Interrupt.o
                0x000000001c0040e8                exti_gpioa3_irq_handler
 .text.exti_gpioa4_irq_handler
                0x000000001c004134       0x4c 1c102_Interrupt.o
                0x000000001c004134                exti_gpioa4_irq_handler
 .text.exti_gpioa5_irq_handler
                0x000000001c004180       0x4c 1c102_Interrupt.o
                0x000000001c004180                exti_gpioa5_irq_handler
 .text.exti_gpioa6_irq_handler
                0x000000001c0041cc       0x4c 1c102_Interrupt.o
                0x000000001c0041cc                exti_gpioa6_irq_handler
 .text.exti_gpioa7_irq_handler
                0x000000001c004218       0x4c 1c102_Interrupt.o
                0x000000001c004218                exti_gpioa7_irq_handler
 .text.exti_gpiob0_irq_handler
                0x000000001c004264       0x4c 1c102_Interrupt.o
                0x000000001c004264                exti_gpiob0_irq_handler
 .text.exti_gpiob1_irq_handler
                0x000000001c0042b0       0x4c 1c102_Interrupt.o
                0x000000001c0042b0                exti_gpiob1_irq_handler
 .text.exti_gpiob2_irq_handler
                0x000000001c0042fc       0x4c 1c102_Interrupt.o
                0x000000001c0042fc                exti_gpiob2_irq_handler
 .text.exti_gpiob3_irq_handler
                0x000000001c004348       0x4c 1c102_Interrupt.o
                0x000000001c004348                exti_gpiob3_irq_handler
 .text.exti_gpiob4_irq_handler
                0x000000001c004394       0x4c 1c102_Interrupt.o
                0x000000001c004394                exti_gpiob4_irq_handler
 .text.exti_gpiob5_irq_handler
                0x000000001c0043e0       0x4c 1c102_Interrupt.o
                0x000000001c0043e0                exti_gpiob5_irq_handler
 .text.exti_gpiob6_irq_handler
                0x000000001c00442c       0x4c 1c102_Interrupt.o
                0x000000001c00442c                exti_gpiob6_irq_handler
 .text.exti_gpiob7_irq_handler
                0x000000001c004478       0x4c 1c102_Interrupt.o
                0x000000001c004478                exti_gpiob7_irq_handler
 .text.exti_gpioc0_irq_handler
                0x000000001c0044c4       0x4c 1c102_Interrupt.o
                0x000000001c0044c4                exti_gpioc0_irq_handler
 .text.exti_gpioc1_irq_handler
                0x000000001c004510       0x4c 1c102_Interrupt.o
                0x000000001c004510                exti_gpioc1_irq_handler
 .text.exti_gpioc2_irq_handler
                0x000000001c00455c       0x4c 1c102_Interrupt.o
                0x000000001c00455c                exti_gpioc2_irq_handler
 .text.exti_gpioc3_irq_handler
                0x000000001c0045a8       0x4c 1c102_Interrupt.o
                0x000000001c0045a8                exti_gpioc3_irq_handler
 .text.exti_gpioc4_irq_handler
                0x000000001c0045f4       0x4c 1c102_Interrupt.o
                0x000000001c0045f4                exti_gpioc4_irq_handler
 .text.exti_gpioc5_irq_handler
                0x000000001c004640       0x4c 1c102_Interrupt.o
                0x000000001c004640                exti_gpioc5_irq_handler
 .text.exti_gpioc6_irq_handler
                0x000000001c00468c       0x4c 1c102_Interrupt.o
                0x000000001c00468c                exti_gpioc6_irq_handler
 .text.exti_gpioc7_irq_handler
                0x000000001c0046d8       0x4c 1c102_Interrupt.o
                0x000000001c0046d8                exti_gpioc7_irq_handler
 .text.exti_gpiod0_irq_handler
                0x000000001c004724       0x4c 1c102_Interrupt.o
                0x000000001c004724                exti_gpiod0_irq_handler
 .text.exti_gpiod1_irq_handler
                0x000000001c004770       0x4c 1c102_Interrupt.o
                0x000000001c004770                exti_gpiod1_irq_handler
 .text.exti_gpiod2_irq_handler
                0x000000001c0047bc       0x4c 1c102_Interrupt.o
                0x000000001c0047bc                exti_gpiod2_irq_handler
 .text.exti_gpiod3_irq_handler
                0x000000001c004808       0x4c 1c102_Interrupt.o
                0x000000001c004808                exti_gpiod3_irq_handler
 .text.exti_gpiod4_irq_handler
                0x000000001c004854       0x4c 1c102_Interrupt.o
                0x000000001c004854                exti_gpiod4_irq_handler
 .text.exti_gpiod5_irq_handler
                0x000000001c0048a0       0x4c 1c102_Interrupt.o
                0x000000001c0048a0                exti_gpiod5_irq_handler
 .text.exti_gpiod6_irq_handler
                0x000000001c0048ec       0x4c 1c102_Interrupt.o
                0x000000001c0048ec                exti_gpiod6_irq_handler
 .text.exti_gpiod7_irq_handler
                0x000000001c004938       0x4c 1c102_Interrupt.o
                0x000000001c004938                exti_gpiod7_irq_handler
 .text.ext_handler
                0x000000001c004984       0xb8 1c102_Interrupt.o
                0x000000001c004984                ext_handler
 .text.TIMER_WAKE_INT
                0x000000001c004a3c       0x50 1c102_Interrupt.o
                0x000000001c004a3c                TIMER_WAKE_INT
 .text.TOUCH    0x000000001c004a8c       0x94 1c102_Interrupt.o
                0x000000001c004a8c                TOUCH
 .text.UART2_INT
                0x000000001c004b20       0x3c 1c102_Interrupt.o
                0x000000001c004b20                UART2_INT
 .text.BAT_FAIL
                0x000000001c004b5c       0xd8 1c102_Interrupt.o
                0x000000001c004b5c                BAT_FAIL
 .text.intc_handler
                0x000000001c004c34      0x22c 1c102_Interrupt.o
                0x000000001c004c34                intc_handler
 .text.TIMER_HANDLER
                0x000000001c004e60       0x38 1c102_Interrupt.o
                0x000000001c004e60                TIMER_HANDLER
 .text.IIC_Delay
                0x000000001c004e98       0x3c iic.o
                0x000000001c004e98                IIC_Delay
 .text.IIC_Init
                0x000000001c004ed4       0x6c iic.o
                0x000000001c004ed4                IIC_Init
 .text.SDA_IN   0x000000001c004f40       0x30 iic.o
                0x000000001c004f40                SDA_IN
 .text.SDA_OUT  0x000000001c004f70       0x3c iic.o
                0x000000001c004f70                SDA_OUT
 .text.IIC_Start
                0x000000001c004fac       0x60 iic.o
                0x000000001c004fac                IIC_Start
 .text.IIC_Stop
                0x000000001c00500c       0x60 iic.o
                0x000000001c00500c                IIC_Stop
 .text.IIC_Wait_Ack
                0x000000001c00506c       0x94 iic.o
                0x000000001c00506c                IIC_Wait_Ack
 .text.IIC_Send_Byte
                0x000000001c005100       0xac iic.o
                0x000000001c005100                IIC_Send_Byte
 .text.DHT11_Rst
                0x000000001c0051ac       0x50 dht11.o
                0x000000001c0051ac                DHT11_Rst
 .text.DHT11_IO_In
                0x000000001c0051fc       0x30 dht11.o
                0x000000001c0051fc                DHT11_IO_In
 .text.DHT11_IO_Out
                0x000000001c00522c       0x30 dht11.o
                0x000000001c00522c                DHT11_IO_Out
 .text.DHT11_Check
                0x000000001c00525c       0xb4 dht11.o
                0x000000001c00525c                DHT11_Check
 .text.DHT11_Read_Bit
                0x000000001c005310       0xa8 dht11.o
                0x000000001c005310                DHT11_Read_Bit
 .text.DHT11_Read_Byte
                0x000000001c0053b8       0x70 dht11.o
                0x000000001c0053b8                DHT11_Read_Byte
 .text.DHT11_Read_Data
                0x000000001c005428      0x10c dht11.o
                0x000000001c005428                DHT11_Read_Data
 .text.DHT11_Init
                0x000000001c005534       0x40 dht11.o
                0x000000001c005534                DHT11_Init
 .text.OLED_Hardware_Init
                0x000000001c005574       0x28 oled.o
                0x000000001c005574                OLED_Hardware_Init
 .text.OLED_WR_Byte
                0x000000001c00559c       0x6c oled.o
                0x000000001c00559c                OLED_WR_Byte
 .text.OLED_Set_Pos
                0x000000001c005608       0x88 oled.o
                0x000000001c005608                OLED_Set_Pos
 .text.OLED_Clear
                0x000000001c005690       0x9c oled.o
                0x000000001c005690                OLED_Clear
 .text.OLED_Init
                0x000000001c00572c      0x1c4 oled.o
                0x000000001c00572c                OLED_Init
 .text.OLED_ShowChar
                0x000000001c0058f0      0x128 oled.o
                0x000000001c0058f0                OLED_ShowChar
 .text.OLED_ShowString
                0x000000001c005a18      0x12c oled.o
                0x000000001c005a18                OLED_ShowString
 .text.OLED_ShowNum
                0x000000001c005b44      0x144 oled.o
                0x000000001c005b44                OLED_ShowNum
 .text.OLED_DrawFont16
                0x000000001c005c88      0x19c oled.o
                0x000000001c005c88                OLED_DrawFont16
 .text.OLED_DrawFont32
                0x000000001c005e24      0x1a8 oled.o
                0x000000001c005e24                OLED_DrawFont32
 .text.OLED_Show_Str
                0x000000001c005fcc      0x270 oled.o
                0x000000001c005fcc                OLED_Show_Str
 .text.KEY_init
                0x000000001c00623c       0x54 key.o
                0x000000001c00623c                KEY_init
 .text.KEY_Check
                0x000000001c006290       0xa0 key.o
                0x000000001c006290                KEY_Check
 .text.esp8266_check_cmd
                0x000000001c006330       0xe8 esp8266.o
                0x000000001c006330                esp8266_check_cmd
 .text.Queue_isEmpty
                0x000000001c006418       0x50 queue.o
                0x000000001c006418                Queue_isEmpty
 .text.Queue_HadUse
                0x000000001c006468       0x64 queue.o
                0x000000001c006468                Queue_HadUse
 .text.Queue_NoUse
                0x000000001c0064cc       0x6c queue.o
                0x000000001c0064cc                Queue_NoUse
 .text.Queue_Wirte
                0x000000001c006538       0xdc queue.o
                0x000000001c006538                Queue_Wirte
 .text.Queue_Read
                0x000000001c006614       0xdc queue.o
                0x000000001c006614                Queue_Read
 .text.Display  0x000000001c0066f0      0x564 1c102_main.o
                0x000000001c0066f0                Display
 .text.Set_time1
                0x000000001c006c54      0x3a8 1c102_main.o
                0x000000001c006c54                Set_time1
 .text.Set_time2
                0x000000001c006ffc      0x3b0 1c102_main.o
                0x000000001c006ffc                Set_time2
 .text.Set_time3
                0x000000001c0073ac      0x3a8 1c102_main.o
                0x000000001c0073ac                Set_time3
 .text.Set_num  0x000000001c007754      0x3c4 1c102_main.o
                0x000000001c007754                Set_num
 .text.main     0x000000001c007b18      0x1fc 1c102_main.o
                0x000000001c007b18                main
 .text.BEEP_Init
                0x000000001c007d14       0x30 BEEP.o
                0x000000001c007d14                BEEP_Init
                0x000000001c007d44                . = ALIGN (0x4)
                0x000000001c007d44                _etext = .

.rodata         0x000000001c007d60     0x20a8
                0x000000001c007d60                . = ALIGN (0x4)
 *(.rodata .rodata.*)
 .rodata        0x000000001c007d60       0x1a serial.o
                0x000000001c007d60                msg_wakeup
 *fill*         0x000000001c007d7a        0x2 
 .rodata        0x000000001c007d7c       0x38 init.o
 .rodata.myprintf
                0x000000001c007db4      0x150 ls1x_printf.o
 .rodata.vsprintf
                0x000000001c007f04      0x150 ls1x_printf.o
 .rodata        0x000000001c008054      0x387 ls1x_logo.o
 *fill*         0x000000001c0083db        0x1 
 .rodata        0x000000001c0083dc       0x8d ls1c102_touch.o
 *fill*         0x000000001c008469        0x3 
 .rodata        0x000000001c00846c       0xd7 1c102_Interrupt.o
 *fill*         0x000000001c008543        0x1 
 .rodata.Ext_IrqHandle
                0x000000001c008544       0x80 1c102_Interrupt.o
                0x000000001c008544                Ext_IrqHandle
 .rodata.BAT_FAIL
                0x000000001c0085c4       0x44 1c102_Interrupt.o
 .rodata.__FUNCTION__.1575
                0x000000001c008608       0x18 1c102_Interrupt.o
 .rodata.__FUNCTION__.1579
                0x000000001c008620       0x18 1c102_Interrupt.o
 .rodata.__FUNCTION__.1583
                0x000000001c008638       0x18 1c102_Interrupt.o
 .rodata.__FUNCTION__.1587
                0x000000001c008650       0x18 1c102_Interrupt.o
 .rodata.__FUNCTION__.1591
                0x000000001c008668       0x18 1c102_Interrupt.o
 .rodata.__FUNCTION__.1595
                0x000000001c008680       0x18 1c102_Interrupt.o
 .rodata.__FUNCTION__.1599
                0x000000001c008698       0x18 1c102_Interrupt.o
 .rodata.__FUNCTION__.1603
                0x000000001c0086b0       0x18 1c102_Interrupt.o
 .rodata.__FUNCTION__.1607
                0x000000001c0086c8       0x18 1c102_Interrupt.o
 .rodata.__FUNCTION__.1611
                0x000000001c0086e0       0x18 1c102_Interrupt.o
 .rodata.__FUNCTION__.1615
                0x000000001c0086f8       0x18 1c102_Interrupt.o
 .rodata.__FUNCTION__.1619
                0x000000001c008710       0x18 1c102_Interrupt.o
 .rodata.__FUNCTION__.1623
                0x000000001c008728       0x18 1c102_Interrupt.o
 .rodata.__FUNCTION__.1627
                0x000000001c008740       0x18 1c102_Interrupt.o
 .rodata.__FUNCTION__.1631
                0x000000001c008758       0x18 1c102_Interrupt.o
 .rodata.__FUNCTION__.1635
                0x000000001c008770       0x18 1c102_Interrupt.o
 .rodata.__FUNCTION__.1639
                0x000000001c008788       0x18 1c102_Interrupt.o
 .rodata.__FUNCTION__.1643
                0x000000001c0087a0       0x18 1c102_Interrupt.o
 .rodata.__FUNCTION__.1647
                0x000000001c0087b8       0x18 1c102_Interrupt.o
 .rodata.__FUNCTION__.1651
                0x000000001c0087d0       0x18 1c102_Interrupt.o
 .rodata.__FUNCTION__.1655
                0x000000001c0087e8       0x18 1c102_Interrupt.o
 .rodata.__FUNCTION__.1659
                0x000000001c008800       0x18 1c102_Interrupt.o
 .rodata.__FUNCTION__.1663
                0x000000001c008818       0x18 1c102_Interrupt.o
 .rodata.__FUNCTION__.1667
                0x000000001c008830       0x18 1c102_Interrupt.o
 .rodata.__FUNCTION__.1671
                0x000000001c008848       0x18 1c102_Interrupt.o
 .rodata.__FUNCTION__.1675
                0x000000001c008860       0x18 1c102_Interrupt.o
 .rodata.__FUNCTION__.1679
                0x000000001c008878       0x18 1c102_Interrupt.o
 .rodata.__FUNCTION__.1683
                0x000000001c008890       0x18 1c102_Interrupt.o
 .rodata.__FUNCTION__.1687
                0x000000001c0088a8       0x18 1c102_Interrupt.o
 .rodata.__FUNCTION__.1691
                0x000000001c0088c0       0x18 1c102_Interrupt.o
 .rodata.__FUNCTION__.1695
                0x000000001c0088d8       0x18 1c102_Interrupt.o
 .rodata.__FUNCTION__.1699
                0x000000001c0088f0       0x18 1c102_Interrupt.o
 .rodata.asc2_1608
                0x000000001c008908      0x5f0 oled.o
                0x000000001c008908                asc2_1608
 .rodata.tfont16
                0x000000001c008ef8      0x38e oled.o
                0x000000001c008ef8                tfont16
 *fill*         0x000000001c009286        0x2 
 .rodata.tfont32
                0x000000001c009288      0xa3c oled.o
                0x000000001c009288                tfont32
 .rodata        0x000000001c009cc4        0x6 oled.o
 *fill*         0x000000001c009cca        0x2 
 .rodata        0x000000001c009ccc       0x47 esp8266.o
 *fill*         0x000000001c009d13        0x1 
 .rodata        0x000000001c009d14       0xe0 1c102_main.o
 .rodata.main   0x000000001c009df4       0x14 1c102_main.o
                0x000000001c009e08                . = ALIGN (0x4)
                0x000000001c009e08                _sidata = ALIGN (., 0x4)
                0x000000001c009e08                . = ALIGN (0x4)

.rela.dyn       0x000000001c009e08        0x0
 .rela.got      0x000000001c009e08        0x0 start.o
 .rela.rodata.myprintf
                0x000000001c009e08        0x0 start.o
 .rela.rodata.vsprintf
                0x000000001c009e08        0x0 start.o
 .rela.rodata.Ext_IrqHandle
                0x000000001c009e08        0x0 start.o
 .rela.rodata.BAT_FAIL
                0x000000001c009e08        0x0 start.o
 .rela.rodata.main
                0x000000001c009e08        0x0 start.o

.data           0x0000000080001000       0x50 load address 0x000000001c009e08
                0x0000000080001000                _sdata = .
                0x0000000080001000                . = ALIGN (0x4)
 *(.got.plt)
 .got.plt       0x0000000080001000        0x0 start.o
                0x0000000080001000                . = ALIGN (0x4)
 *(.got)
 .got           0x0000000080001000       0x34 start.o
                0x0000000080001000                _GLOBAL_OFFSET_TABLE_
                0x0000000080001034                . = ALIGN (0x4)
 *(.data .data.*)
 .data.g_SystemFreq
                0x0000000080001034        0x4 ls1x_clock.o
                0x0000000080001034                g_SystemFreq
 .data.data     0x0000000080001038        0x8 1c102_main.o
                0x0000000080001038                data
 .data.hour     0x0000000080001040        0x1 1c102_main.o
                0x0000000080001040                hour
 .data.min      0x0000000080001041        0x1 1c102_main.o
                0x0000000080001041                min
 .data.sec      0x0000000080001042        0x1 1c102_main.o
                0x0000000080001042                sec
 .data.h1       0x0000000080001043        0x1 1c102_main.o
                0x0000000080001043                h1
 .data.m1       0x0000000080001044        0x1 1c102_main.o
                0x0000000080001044                m1
 .data.h2       0x0000000080001045        0x1 1c102_main.o
                0x0000000080001045                h2
 .data.m2       0x0000000080001046        0x1 1c102_main.o
                0x0000000080001046                m2
 .data.h3       0x0000000080001047        0x1 1c102_main.o
                0x0000000080001047                h3
 .data.m3       0x0000000080001048        0x1 1c102_main.o
                0x0000000080001048                m3
 .data.s3       0x0000000080001049        0x1 1c102_main.o
                0x0000000080001049                s3
 .data.A        0x000000008000104a        0x1 1c102_main.o
                0x000000008000104a                A
 .data.B        0x000000008000104b        0x1 1c102_main.o
                0x000000008000104b                B
 .data.C        0x000000008000104c        0x1 1c102_main.o
                0x000000008000104c                C
 .data.D        0x000000008000104d        0x1 1c102_main.o
                0x000000008000104d                D
                0x0000000080001050                . = ALIGN (0x4)
 *fill*         0x000000008000104e        0x2 
                0x0000000080001050                _edata = .

.bss            0x0000000080000000      0x2a8
                0x0000000080000000                _sbss = .
                0x0000000080000000                . = ALIGN (0x4)
 *(.sbss)
                0x0000000080000000                . = ALIGN (0x4)
 *(.bss .bss.*)
 .bss.count     0x0000000080000000        0x1 1c102_Interrupt.o
                0x0000000080000000                count
 .bss.receive_Data.1754
                0x0000000080000001        0x1 1c102_Interrupt.o
 .bss.wifi_connected
                0x0000000080000002        0x1 esp8266.o
                0x0000000080000002                wifi_connected
 *fill*         0x0000000080000003        0x1 
 .bss.temperature
                0x0000000080000004        0x2 1c102_main.o
 .bss.humidity  0x0000000080000006        0x2 1c102_main.o
 .bss.mode      0x0000000080000008        0x1 1c102_main.o
                0x0000000080000008                mode
 .bss.select    0x0000000080000009        0x1 1c102_main.o
                0x0000000080000009                select
 .bss.change    0x000000008000000a        0x1 1c102_main.o
                0x000000008000000a                change
 .bss.s1        0x000000008000000b        0x1 1c102_main.o
                0x000000008000000b                s1
 .bss.s2        0x000000008000000c        0x1 1c102_main.o
                0x000000008000000c                s2
                0x0000000080000010                . = ALIGN (0x4)
 *fill*         0x000000008000000d        0x3 
 *(.scommon)
                0x0000000080000010                . = ALIGN (0x4)
 *(COMMON)
 COMMON         0x0000000080000010      0x130 esp8266.o
                0x0000000080000010                Read_length
                0x0000000080000014                Read_Buffer
 COMMON         0x0000000080000140      0x130 queue.o
                0x0000000080000140                Circular_queue
 COMMON         0x0000000080000270       0x36 1c102_main.o
                0x0000000080000270                Keynum
                0x0000000080000274                str
                0x00000000800002a8                . = ALIGN (0x4)
 *fill*         0x00000000800002a6        0x2 
                0x00000000800002a8                _ebss = .
LOAD start.o
LOAD serial.o
LOAD wakeup.o
LOAD UserGpio.o
LOAD init.o
LOAD ls1x_gpio.o
LOAD ls1x_spi.o
LOAD ls1x_printf.o
LOAD ls1x_uart.o
LOAD ls1x_clock.o
LOAD ls1x_common.o
LOAD ls1x_pmu.o
LOAD ls1x_logo.o
LOAD ls1x_latimer.o
LOAD ls1x_string.o
LOAD ls1x_flash.o
LOAD ls1x_rtc.o
LOAD ls1x_exti.o
LOAD ls1x_wdg.o
LOAD ls1c102_i2c.o
LOAD ls1c102_vpwm.o
LOAD ls1c102_adc.o
LOAD ls1c102_touch.o
LOAD ls1c102_ptimer.o
LOAD 1c102_cmdline.o
LOAD 1c102_cmd.o
LOAD 1c102_Interrupt.o
LOAD iic.o
LOAD dht11.o
LOAD oled.o
LOAD key.o
LOAD esp8266.o
LOAD queue.o
LOAD 1c102_main.o
LOAD BEEP.o
OUTPUT(1c102_demo.elf elf32-loongarch)

.comment        0x0000000000000000       0x11
 .comment       0x0000000000000000       0x11 UserGpio.o
                                         0x12 (size before relaxing)
 .comment       0x0000000000000011       0x12 init.o
 .comment       0x0000000000000011       0x12 ls1x_gpio.o
 .comment       0x0000000000000011       0x12 ls1x_printf.o
 .comment       0x0000000000000011       0x12 ls1x_uart.o
 .comment       0x0000000000000011       0x12 ls1x_clock.o
 .comment       0x0000000000000011       0x12 ls1x_common.o
 .comment       0x0000000000000011       0x12 ls1x_pmu.o
 .comment       0x0000000000000011       0x12 ls1x_logo.o
 .comment       0x0000000000000011       0x12 ls1x_latimer.o
 .comment       0x0000000000000011       0x12 ls1x_string.o
 .comment       0x0000000000000011       0x12 ls1x_exti.o
 .comment       0x0000000000000011       0x12 ls1x_wdg.o
 .comment       0x0000000000000011       0x12 ls1c102_touch.o
 .comment       0x0000000000000011       0x12 ls1c102_ptimer.o
 .comment       0x0000000000000011       0x12 1c102_Interrupt.o
 .comment       0x0000000000000011       0x12 iic.o
 .comment       0x0000000000000011       0x12 dht11.o
 .comment       0x0000000000000011       0x12 oled.o
 .comment       0x0000000000000011       0x12 key.o
 .comment       0x0000000000000011       0x12 esp8266.o
 .comment       0x0000000000000011       0x12 queue.o
 .comment       0x0000000000000011       0x12 1c102_main.o
 .comment       0x0000000000000011       0x12 BEEP.o
